This is XeTeX, Version 3.141592653-2.6-0.999998 (TeX Live 2026) (preloaded format=xelatex 2026.3.1)  1 JUN 2026 01:26
entering extended mode
 restricted \write18 enabled.
 %&-line parsing enabled.
**poster.tex
(/usr/local/texlive/2026/texmf-dist/tex/generic/poster-mac/poster.tex
LaTeX2e <2025-11-01>
L3 programming layer <2026-01-19>
  v1.1  10/05/15  <tvz>
\@posterbox=\box53
\poster@savedbox=\box54
\poster@cropbox=\box55
)
! Emergency stop.
<*> poster.tex
              
*** (job aborted, no legal \end found)

 
Here is how much of TeX's memory you used:
 74 strings out of 468168
 1212 string characters out of 5432816
 426408 words of memory out of 5000000
 28898 multiletter control sequences out of 15000+600000
 627721 words of font info for 40 fonts, out of 8000000 for 9000
 1348 hyphenation exceptions out of 8191
 11i,0n,13p,90b,8s stack positions out of 10000i,1000n,20000p,200000b,200000s
No pages of output.
